---
http_interactions:
- request:
    method: get
    uri: https://webstore.iec.ch/searchkey&RefNbr=IEC%2060050-103&From=0207-01-01&To=0207-12-31&start=1
    body:
      encoding: US-ASCII
      string: ''
    headers:
      User-Agent:
      - Mozilla/5.0 (Macintosh; Intel Mac OS X 10_15_6) AppleWebKit/537.36 (KHTML,
        like Gecko) Chrome/86.0.4240.111 Safari/537.36
      Accept-Encoding:
      - gzip;q=1.0,deflate;q=0.6,identity;q=0.3
      Accept:
      - "*/*"
  response:
    status:
      code: 200
      message: OK
    headers:
      Content-Type:
      - text/html; charset=US-ASCII
      Content-Length:
      - '566'
      Connection:
      - keep-alive
      Server:
      - Lotus-Domino
      Date:
      - Thu, 11 Mar 2021 11:35:31 GMT
      X-Cache:
      - Miss from cloudfront
      Via:
      - 1.1 6fdf2ccc380f11286f9756c9578f26c6.cloudfront.net (CloudFront)
      X-Amz-Cf-Pop:
      - ZAG50-C1
      X-Amz-Cf-Id:
      - 4T1d2R24iSY3sUFD2PXp1QQbX0Q0OIw3fovWNmAt9OWZRFDYCDd1Hg==
    body:
      encoding: ASCII-8BIT
      string: "<html>\n<head>\n</head>\n<body text=\"#000000\">\n\n<style>\n\t.highlight
        {\n\t\t    background-color: #ddf0ff;\n    color: #0060aa;\n    text-shadow:
        none;\n\t}\n\t.bold {\n\tfont-weight: bold;\n\t}\n.blue {\ncolor: blue;\n\t}\n</style>\n<script>\n\t$(document).ready(function(){\n\t\ttry
        {\n\n\t\t\tvar k = $(\".search-query\").val().trim();\n\n\t\t\tif (k == '')
        {k = $(\"#search-inputsearch\").val().trim();}\n\t\t\t} catch(e){\n\t\t\t//IE8\n\t\t\tvar
        k = $.trim($(\".search-query\").val());\n\t\t\tif (k == '') {k = $(\".search-query\").val().trim();}\n\t\t\t}\n
        \t\tvar element = k.split(\" \");\n\n\t\tfor (var i = 0; i < k.length; i++)
        {\n\t\t\tif (\telement[i] != undefined) {\t\t\t\t\t\n\t\t\t\t//console.log(i+\"
        - \" + element[i]);\n\t\t\t\tvar word = element[i].replace('\"','');\n\t\t\t\tvar
        regexp=/\\*/g;\n\t\t\t\tvar match = regexp.exec(word);\n\n\n\t\t\t\tword =
        element[i].replace('*','')\n\n\t       \t\t$(\".search-results\").highlight(word,{
        wordsOnly: !match });\n\t\t\t\t$(\"#wr.search-results\").highlight(word,{
        wordsOnly: !match });\n\t\t\t\t$(\"#trf.search-results\").highlight(word,{
        wordsOnly: !match });\n\t\t\t\t} \n\t       \t}\n\t});\n\t\t</script>\n\n<input
        id=\"nbres\" type=\"hidden\"  value=\"0\">\n<ul class=\"search-results lined-list\">\nNo
        valid publication found.\n</body>\n</html>\n"
  recorded_at: Thu, 11 Mar 2021 11:35:28 GMT
- request:
    method: get
    uri: https://webstore.iec.ch/searchkey&type=trf&RefNbr=IEC%2060050-103&From=0207-01-01&To=0207-12-31&start=1
    body:
      encoding: US-ASCII
      string: ''
    headers:
      User-Agent:
      - Mozilla/5.0 (Macintosh; Intel Mac OS X 10_15_6) AppleWebKit/537.36 (KHTML,
        like Gecko) Chrome/86.0.4240.111 Safari/537.36
      Accept-Encoding:
      - gzip;q=1.0,deflate;q=0.6,identity;q=0.3
      Accept:
      - "*/*"
  response:
    status:
      code: 200
      message: OK
    headers:
      Content-Type:
      - text/html; charset=US-ASCII
      Content-Length:
      - '546'
      Connection:
      - keep-alive
      Server:
      - Lotus-Domino
      Date:
      - Thu, 11 Mar 2021 11:35:32 GMT
      X-Cache:
      - Miss from cloudfront
      Via:
      - 1.1 404ac5621836af31e2d3d32ecae91e79.cloudfront.net (CloudFront)
      X-Amz-Cf-Pop:
      - ZAG50-C1
      X-Amz-Cf-Id:
      - LeuqwAgT3wAE4wJVSSIf-rjegUfnp17-asd-6NgFf3_ZdOAm4eeOYg==
    body:
      encoding: ASCII-8BIT
      string: "<html>\n<head>\n</head>\n<body text=\"#000000\">\n\n<style>\n\t.highlight
        {\n\t\t    background-color: #ddf0ff;\n    color: #0060aa;\n    text-shadow:
        none;\n\t}\n\t.bold {\n\tfont-weight: bold;\n\t}\n.blue {\ncolor: blue;\n\t}\n</style>\n<script>\n\t$(document).ready(function(){\n\t\ttry
        {\n\n\t\t\tvar k = $(\".search-query\").val().trim();\n\n\t\t\tif (k == '')
        {k = $(\"#search-inputsearch\").val().trim();}\n\t\t\t} catch(e){\n\t\t\t//IE8\n\t\t\tvar
        k = $.trim($(\".search-query\").val());\n\t\t\tif (k == '') {k = $(\".search-query\").val().trim();}\n\t\t\t}\n
        \t\tvar element = k.split(\" \");\n\n\t\tfor (var i = 0; i < k.length; i++)
        {\n\t\t\tif (\telement[i] != undefined) {\t\t\t\t\t\n\t\t\t\t//console.log(i+\"
        - \" + element[i]);\n\t\t\t\tvar word = element[i].replace('\"','');\n\t\t\t\tvar
        regexp=/\\*/g;\n\t\t\t\tvar match = regexp.exec(word);\n\n\n\t\t\t\tword =
        element[i].replace('*','')\n\n\t       \t\t$(\".search-results\").highlight(word,{
        wordsOnly: !match });\n\t\t\t\t$(\"#wr.search-results\").highlight(word,{
        wordsOnly: !match });\n\t\t\t\t$(\"#trf.search-results\").highlight(word,{
        wordsOnly: !match });\n\t\t\t\t} \n\t       \t}\n\t});\n\t\t</script>\n\n<input
        id=\"nbrestrf\" type=\"hidden\"  value=\"0\">\nNo publication found.\n</body>\n</html>\n"
  recorded_at: Thu, 11 Mar 2021 11:35:28 GMT
- request:
    method: get
    uri: https://webstore.iec.ch/searchkey&type=wr&RefNbr=IEC%2060050-103&From=0207-01-01&To=0207-12-31&start=1
    body:
      encoding: US-ASCII
      string: ''
    headers:
      User-Agent:
      - Mozilla/5.0 (Macintosh; Intel Mac OS X 10_15_6) AppleWebKit/537.36 (KHTML,
        like Gecko) Chrome/86.0.4240.111 Safari/537.36
      Accept-Encoding:
      - gzip;q=1.0,deflate;q=0.6,identity;q=0.3
      Accept:
      - "*/*"
  response:
    status:
      code: 200
      message: OK
    headers:
      Content-Type:
      - text/html; charset=US-ASCII
      Content-Length:
      - '546'
      Connection:
      - keep-alive
      Server:
      - Lotus-Domino
      Date:
      - Thu, 11 Mar 2021 11:35:33 GMT
      X-Cache:
      - Miss from cloudfront
      Via:
      - 1.1 447f0defb04b912ed949f0fdd5a6492e.cloudfront.net (CloudFront)
      X-Amz-Cf-Pop:
      - ZAG50-C1
      X-Amz-Cf-Id:
      - NRkJ2nvEUFiGayXE4FVGPCSnfu4jJ9j2EEOChcw-yz3xalSIjczZfA==
    body:
      encoding: ASCII-8BIT
      string: "<html>\n<head>\n</head>\n<body text=\"#000000\">\n\n<style>\n\t.highlight
        {\n\t\t    background-color: #ddf0ff;\n    color: #0060aa;\n    text-shadow:
        none;\n\t}\n\t.bold {\n\tfont-weight: bold;\n\t}\n.blue {\ncolor: blue;\n\t}\n</style>\n<script>\n\t$(document).ready(function(){\n\t\ttry
        {\n\n\t\t\tvar k = $(\".search-query\").val().trim();\n\n\t\t\tif (k == '')
        {k = $(\"#search-inputsearch\").val().trim();}\n\t\t\t} catch(e){\n\t\t\t//IE8\n\t\t\tvar
        k = $.trim($(\".search-query\").val());\n\t\t\tif (k == '') {k = $(\".search-query\").val().trim();}\n\t\t\t}\n
        \t\tvar element = k.split(\" \");\n\n\t\tfor (var i = 0; i < k.length; i++)
        {\n\t\t\tif (\telement[i] != undefined) {\t\t\t\t\t\n\t\t\t\t//console.log(i+\"
        - \" + element[i]);\n\t\t\t\tvar word = element[i].replace('\"','');\n\t\t\t\tvar
        regexp=/\\*/g;\n\t\t\t\tvar match = regexp.exec(word);\n\n\n\t\t\t\tword =
        element[i].replace('*','')\n\n\t       \t\t$(\".search-results\").highlight(word,{
        wordsOnly: !match });\n\t\t\t\t$(\"#wr.search-results\").highlight(word,{
        wordsOnly: !match });\n\t\t\t\t$(\"#trf.search-results\").highlight(word,{
        wordsOnly: !match });\n\t\t\t\t} \n\t       \t}\n\t});\n\t\t</script>\n\n<input
        id=\"nbreswr\" type=\"hidden\"  value=\"0\">\nNo publication found.\n</body>\n</html>\n"
  recorded_at: Thu, 11 Mar 2021 11:35:29 GMT
- request:
    method: get
    uri: https://webstore.iec.ch/searchkey&RefNbr=IEC%2060050-1*&From=0207-01-01&To=0207-12-31&start=1
    body:
      encoding: US-ASCII
      string: ''
    headers:
      User-Agent:
      - Mozilla/5.0 (Macintosh; Intel Mac OS X 10_15_6) AppleWebKit/537.36 (KHTML,
        like Gecko) Chrome/86.0.4240.111 Safari/537.36
      Accept-Encoding:
      - gzip;q=1.0,deflate;q=0.6,identity;q=0.3
      Accept:
      - "*/*"
  response:
    status:
      code: 200
      message: OK
    headers:
      Content-Type:
      - text/html; charset=US-ASCII
      Content-Length:
      - '566'
      Connection:
      - keep-alive
      Server:
      - Lotus-Domino
      Date:
      - Thu, 11 Mar 2021 11:35:35 GMT
      X-Cache:
      - Miss from cloudfront
      Via:
      - 1.1 2646a167841368615f96564f373f8d21.cloudfront.net (CloudFront)
      X-Amz-Cf-Pop:
      - ZAG50-C1
      X-Amz-Cf-Id:
      - lmYX2Ph2XrD8g8Ze9oAGGhl2RLtEEvLRr0COz-_gM1MGcJl-Y1wWOQ==
    body:
      encoding: ASCII-8BIT
      string: "<html>\n<head>\n</head>\n<body text=\"#000000\">\n\n<style>\n\t.highlight
        {\n\t\t    background-color: #ddf0ff;\n    color: #0060aa;\n    text-shadow:
        none;\n\t}\n\t.bold {\n\tfont-weight: bold;\n\t}\n.blue {\ncolor: blue;\n\t}\n</style>\n<script>\n\t$(document).ready(function(){\n\t\ttry
        {\n\n\t\t\tvar k = $(\".search-query\").val().trim();\n\n\t\t\tif (k == '')
        {k = $(\"#search-inputsearch\").val().trim();}\n\t\t\t} catch(e){\n\t\t\t//IE8\n\t\t\tvar
        k = $.trim($(\".search-query\").val());\n\t\t\tif (k == '') {k = $(\".search-query\").val().trim();}\n\t\t\t}\n
        \t\tvar element = k.split(\" \");\n\n\t\tfor (var i = 0; i < k.length; i++)
        {\n\t\t\tif (\telement[i] != undefined) {\t\t\t\t\t\n\t\t\t\t//console.log(i+\"
        - \" + element[i]);\n\t\t\t\tvar word = element[i].replace('\"','');\n\t\t\t\tvar
        regexp=/\\*/g;\n\t\t\t\tvar match = regexp.exec(word);\n\n\n\t\t\t\tword =
        element[i].replace('*','')\n\n\t       \t\t$(\".search-results\").highlight(word,{
        wordsOnly: !match });\n\t\t\t\t$(\"#wr.search-results\").highlight(word,{
        wordsOnly: !match });\n\t\t\t\t$(\"#trf.search-results\").highlight(word,{
        wordsOnly: !match });\n\t\t\t\t} \n\t       \t}\n\t});\n\t\t</script>\n\n<input
        id=\"nbres\" type=\"hidden\"  value=\"0\">\n<ul class=\"search-results lined-list\">\nNo
        valid publication found.\n</body>\n</html>\n"
  recorded_at: Thu, 11 Mar 2021 11:35:31 GMT
- request:
    method: get
    uri: https://webstore.iec.ch/searchkey&type=trf&RefNbr=IEC%2060050-1*&From=0207-01-01&To=0207-12-31&start=1
    body:
      encoding: US-ASCII
      string: ''
    headers:
      User-Agent:
      - Mozilla/5.0 (Macintosh; Intel Mac OS X 10_15_6) AppleWebKit/537.36 (KHTML,
        like Gecko) Chrome/86.0.4240.111 Safari/537.36
      Accept-Encoding:
      - gzip;q=1.0,deflate;q=0.6,identity;q=0.3
      Accept:
      - "*/*"
  response:
    status:
      code: 200
      message: OK
    headers:
      Content-Type:
      - text/html; charset=US-ASCII
      Content-Length:
      - '546'
      Connection:
      - keep-alive
      Server:
      - Lotus-Domino
      Date:
      - Thu, 11 Mar 2021 11:35:35 GMT
      X-Cache:
      - Miss from cloudfront
      Via:
      - 1.1 a65cc3f0f56427b7099c895c026d63f0.cloudfront.net (CloudFront)
      X-Amz-Cf-Pop:
      - ZAG50-C1
      X-Amz-Cf-Id:
      - T0RVszx9WXXtQxm_dSg7eAz08Z-VD6YCSpqQeukyK0bc4vJFBYWllw==
    body:
      encoding: ASCII-8BIT
      string: "<html>\n<head>\n</head>\n<body text=\"#000000\">\n\n<style>\n\t.highlight
        {\n\t\t    background-color: #ddf0ff;\n    color: #0060aa;\n    text-shadow:
        none;\n\t}\n\t.bold {\n\tfont-weight: bold;\n\t}\n.blue {\ncolor: blue;\n\t}\n</style>\n<script>\n\t$(document).ready(function(){\n\t\ttry
        {\n\n\t\t\tvar k = $(\".search-query\").val().trim();\n\n\t\t\tif (k == '')
        {k = $(\"#search-inputsearch\").val().trim();}\n\t\t\t} catch(e){\n\t\t\t//IE8\n\t\t\tvar
        k = $.trim($(\".search-query\").val());\n\t\t\tif (k == '') {k = $(\".search-query\").val().trim();}\n\t\t\t}\n
        \t\tvar element = k.split(\" \");\n\n\t\tfor (var i = 0; i < k.length; i++)
        {\n\t\t\tif (\telement[i] != undefined) {\t\t\t\t\t\n\t\t\t\t//console.log(i+\"
        - \" + element[i]);\n\t\t\t\tvar word = element[i].replace('\"','');\n\t\t\t\tvar
        regexp=/\\*/g;\n\t\t\t\tvar match = regexp.exec(word);\n\n\n\t\t\t\tword =
        element[i].replace('*','')\n\n\t       \t\t$(\".search-results\").highlight(word,{
        wordsOnly: !match });\n\t\t\t\t$(\"#wr.search-results\").highlight(word,{
        wordsOnly: !match });\n\t\t\t\t$(\"#trf.search-results\").highlight(word,{
        wordsOnly: !match });\n\t\t\t\t} \n\t       \t}\n\t});\n\t\t</script>\n\n<input
        id=\"nbrestrf\" type=\"hidden\"  value=\"0\">\nNo publication found.\n</body>\n</html>\n"
  recorded_at: Thu, 11 Mar 2021 11:35:31 GMT
- request:
    method: get
    uri: https://webstore.iec.ch/searchkey&type=wr&RefNbr=IEC%2060050-1*&From=0207-01-01&To=0207-12-31&start=1
    body:
      encoding: US-ASCII
      string: ''
    headers:
      User-Agent:
      - Mozilla/5.0 (Macintosh; Intel Mac OS X 10_15_6) AppleWebKit/537.36 (KHTML,
        like Gecko) Chrome/86.0.4240.111 Safari/537.36
      Accept-Encoding:
      - gzip;q=1.0,deflate;q=0.6,identity;q=0.3
      Accept:
      - "*/*"
  response:
    status:
      code: 200
      message: OK
    headers:
      Content-Type:
      - text/html; charset=US-ASCII
      Content-Length:
      - '546'
      Connection:
      - keep-alive
      Server:
      - Lotus-Domino
      Date:
      - Thu, 11 Mar 2021 11:35:37 GMT
      X-Cache:
      - Miss from cloudfront
      Via:
      - 1.1 996a6dcadb486dbb9da5040a9ab13af3.cloudfront.net (CloudFront)
      X-Amz-Cf-Pop:
      - ZAG50-C1
      X-Amz-Cf-Id:
      - WBiyOuvloeIzPqrd-xxY0rp6wplWBMmm-xX7vhuaOxgJcLuLhN2rtg==
    body:
      encoding: ASCII-8BIT
      string: "<html>\n<head>\n</head>\n<body text=\"#000000\">\n\n<style>\n\t.highlight
        {\n\t\t    background-color: #ddf0ff;\n    color: #0060aa;\n    text-shadow:
        none;\n\t}\n\t.bold {\n\tfont-weight: bold;\n\t}\n.blue {\ncolor: blue;\n\t}\n</style>\n<script>\n\t$(document).ready(function(){\n\t\ttry
        {\n\n\t\t\tvar k = $(\".search-query\").val().trim();\n\n\t\t\tif (k == '')
        {k = $(\"#search-inputsearch\").val().trim();}\n\t\t\t} catch(e){\n\t\t\t//IE8\n\t\t\tvar
        k = $.trim($(\".search-query\").val());\n\t\t\tif (k == '') {k = $(\".search-query\").val().trim();}\n\t\t\t}\n
        \t\tvar element = k.split(\" \");\n\n\t\tfor (var i = 0; i < k.length; i++)
        {\n\t\t\tif (\telement[i] != undefined) {\t\t\t\t\t\n\t\t\t\t//console.log(i+\"
        - \" + element[i]);\n\t\t\t\tvar word = element[i].replace('\"','');\n\t\t\t\tvar
        regexp=/\\*/g;\n\t\t\t\tvar match = regexp.exec(word);\n\n\n\t\t\t\tword =
        element[i].replace('*','')\n\n\t       \t\t$(\".search-results\").highlight(word,{
        wordsOnly: !match });\n\t\t\t\t$(\"#wr.search-results\").highlight(word,{
        wordsOnly: !match });\n\t\t\t\t$(\"#trf.search-results\").highlight(word,{
        wordsOnly: !match });\n\t\t\t\t} \n\t       \t}\n\t});\n\t\t</script>\n\n<input
        id=\"nbreswr\" type=\"hidden\"  value=\"0\">\nNo publication found.\n</body>\n</html>\n"
  recorded_at: Thu, 11 Mar 2021 11:35:33 GMT
- request:
    method: get
    uri: https://webstore.iec.ch/searchkey&RefNbr=IEC%2060050-103&From=&To=&start=1
    body:
      encoding: US-ASCII
      string: ''
    headers:
      User-Agent:
      - Mozilla/5.0 (Macintosh; Intel Mac OS X 10_15_6) AppleWebKit/537.36 (KHTML,
        like Gecko) Chrome/86.0.4240.111 Safari/537.36
      Accept-Encoding:
      - gzip;q=1.0,deflate;q=0.6,identity;q=0.3
      Accept:
      - "*/*"
  response:
    status:
      code: 200
      message: OK
    headers:
      Content-Type:
      - text/html; charset=US-ASCII
      Content-Length:
      - '856'
      Connection:
      - keep-alive
      Server:
      - Lotus-Domino
      Date:
      - Thu, 11 Mar 2021 11:35:37 GMT
      X-Cache:
      - Miss from cloudfront
      Via:
      - 1.1 e25359babcc045566ea407b8f6ab0b65.cloudfront.net (CloudFront)
      X-Amz-Cf-Pop:
      - ZAG50-C1
      X-Amz-Cf-Id:
      - y7R500PaebDtZI4D-3Goeyz24mKApmLq0bjvyK-YViTOGiUhHIE7tA==
    body:
      encoding: ASCII-8BIT
      string: "<html>\n<head>\n</head>\n<body text=\"#000000\">\n\n<style>\n\t.highlight
        {\n\t\t    background-color: #ddf0ff;\n    color: #0060aa;\n    text-shadow:
        none;\n\t}\n\t.bold {\n\tfont-weight: bold;\n\t}\n.blue {\ncolor: blue;\n\t}\n</style>\n<script>\n\t$(document).ready(function(){\n\t\ttry
        {\n\n\t\t\tvar k = $(\".search-query\").val().trim();\n\n\t\t\tif (k == '')
        {k = $(\"#search-inputsearch\").val().trim();}\n\t\t\t} catch(e){\n\t\t\t//IE8\n\t\t\tvar
        k = $.trim($(\".search-query\").val());\n\t\t\tif (k == '') {k = $(\".search-query\").val().trim();}\n\t\t\t}\n
        \t\tvar element = k.split(\" \");\n\n\t\tfor (var i = 0; i < k.length; i++)
        {\n\t\t\tif (\telement[i] != undefined) {\t\t\t\t\t\n\t\t\t\t//console.log(i+\"
        - \" + element[i]);\n\t\t\t\tvar word = element[i].replace('\"','');\n\t\t\t\tvar
        regexp=/\\*/g;\n\t\t\t\tvar match = regexp.exec(word);\n\n\n\t\t\t\tword =
        element[i].replace('*','')\n\n\t       \t\t$(\".search-results\").highlight(word,{
        wordsOnly: !match });\n\t\t\t\t$(\"#wr.search-results\").highlight(word,{
        wordsOnly: !match });\n\t\t\t\t$(\"#trf.search-results\").highlight(word,{
        wordsOnly: !match });\n\t\t\t\t} \n\t       \t}\n\t});\n\t\t</script>\n\n<input
        id=\"nbres\" type=\"hidden\"  value=\"1\">\n<ul class=\"search-results lined-list\">\n<li>\r\n\n<a
        class=\"showmore\" id=\"161\" href=\"#\">Show all publications &raquo;</a><a
        href=\"/publication/161\">IEC 60050-103:2009&nbsp;&nbsp;</a>\r\n\n<br>International
        Electrotechnical Vocabulary (IEV) - Part 103: Mathematics - Functions<ul class=\"morethesame
        161\">\r\n\n<li>\r\n\n<a href=\"/publication/61317\">IEC 60050-103:2009/AMD1:2017</a>\r\n\n<br>Amendment
        1 - International Electrotechnical Vocabulary (IEV) - Part 103: Mathematics
        - Functions</li>\r\n\n<li>\r\n\n<a href=\"/publication/65769\">IEC 60050-103:2009/AMD2:2019</a>\r\n\n<br>Amendment
        2 - International Electrotechnical Vocabulary (IEV) - Part 103: Mathematics
        - Functions</li>\r\n\n<li>\r\n\n<a href=\"/publication/67574\">IEC 60050-103:2009/AMD3:2020</a>\r\n\n<br>Amendment
        3 - International Electrotechnical Vocabulary (IEV) - Part 103: Mathematics
        - Functions</li>\r\n\n</ul>\r\n\n</li>\r\n\n</ul>\n<div class=\"pagination
        pagination-centered\">\n\t\t\t\t<ul><li class=\"active\"><a href=\"#\" Title=\"Current
        page\">1</a></li></ul>\n\t\t   </div>\n</body>\n</html>\n"
  recorded_at: Thu, 11 Mar 2021 11:35:33 GMT
- request:
    method: get
    uri: https://webstore.iec.ch/searchkey&type=trf&RefNbr=IEC%2060050-103&From=&To=&start=1
    body:
      encoding: US-ASCII
      string: ''
    headers:
      User-Agent:
      - Mozilla/5.0 (Macintosh; Intel Mac OS X 10_15_6) AppleWebKit/537.36 (KHTML,
        like Gecko) Chrome/86.0.4240.111 Safari/537.36
      Accept-Encoding:
      - gzip;q=1.0,deflate;q=0.6,identity;q=0.3
      Accept:
      - "*/*"
  response:
    status:
      code: 200
      message: OK
    headers:
      Content-Type:
      - text/html; charset=US-ASCII
      Content-Length:
      - '546'
      Connection:
      - keep-alive
      Server:
      - Lotus-Domino
      Date:
      - Thu, 11 Mar 2021 11:35:37 GMT
      X-Cache:
      - Miss from cloudfront
      Via:
      - 1.1 375ffc8f2a15d6fd2fa731e1cdf5a737.cloudfront.net (CloudFront)
      X-Amz-Cf-Pop:
      - ZAG50-C1
      X-Amz-Cf-Id:
      - cQTWb_lhY6ItglJr5LKe5_mOV2hfnunBC-C96BU0N59FSKtJSTTzbw==
    body:
      encoding: ASCII-8BIT
      string: "<html>\n<head>\n</head>\n<body text=\"#000000\">\n\n<style>\n\t.highlight
        {\n\t\t    background-color: #ddf0ff;\n    color: #0060aa;\n    text-shadow:
        none;\n\t}\n\t.bold {\n\tfont-weight: bold;\n\t}\n.blue {\ncolor: blue;\n\t}\n</style>\n<script>\n\t$(document).ready(function(){\n\t\ttry
        {\n\n\t\t\tvar k = $(\".search-query\").val().trim();\n\n\t\t\tif (k == '')
        {k = $(\"#search-inputsearch\").val().trim();}\n\t\t\t} catch(e){\n\t\t\t//IE8\n\t\t\tvar
        k = $.trim($(\".search-query\").val());\n\t\t\tif (k == '') {k = $(\".search-query\").val().trim();}\n\t\t\t}\n
        \t\tvar element = k.split(\" \");\n\n\t\tfor (var i = 0; i < k.length; i++)
        {\n\t\t\tif (\telement[i] != undefined) {\t\t\t\t\t\n\t\t\t\t//console.log(i+\"
        - \" + element[i]);\n\t\t\t\tvar word = element[i].replace('\"','');\n\t\t\t\tvar
        regexp=/\\*/g;\n\t\t\t\tvar match = regexp.exec(word);\n\n\n\t\t\t\tword =
        element[i].replace('*','')\n\n\t       \t\t$(\".search-results\").highlight(word,{
        wordsOnly: !match });\n\t\t\t\t$(\"#wr.search-results\").highlight(word,{
        wordsOnly: !match });\n\t\t\t\t$(\"#trf.search-results\").highlight(word,{
        wordsOnly: !match });\n\t\t\t\t} \n\t       \t}\n\t});\n\t\t</script>\n\n<input
        id=\"nbrestrf\" type=\"hidden\"  value=\"0\">\nNo publication found.\n</body>\n</html>\n"
  recorded_at: Thu, 11 Mar 2021 11:35:34 GMT
- request:
    method: get
    uri: https://webstore.iec.ch/searchkey&type=wr&RefNbr=IEC%2060050-103&From=&To=&start=1
    body:
      encoding: US-ASCII
      string: ''
    headers:
      User-Agent:
      - Mozilla/5.0 (Macintosh; Intel Mac OS X 10_15_6) AppleWebKit/537.36 (KHTML,
        like Gecko) Chrome/86.0.4240.111 Safari/537.36
      Accept-Encoding:
      - gzip;q=1.0,deflate;q=0.6,identity;q=0.3
      Accept:
      - "*/*"
  response:
    status:
      code: 200
      message: OK
    headers:
      Content-Type:
      - text/html; charset=US-ASCII
      Content-Length:
      - '546'
      Connection:
      - keep-alive
      Server:
      - Lotus-Domino
      Date:
      - Thu, 11 Mar 2021 11:35:38 GMT
      X-Cache:
      - Miss from cloudfront
      Via:
      - 1.1 98e6142a124268fae259e9413f391903.cloudfront.net (CloudFront)
      X-Amz-Cf-Pop:
      - ZAG50-C1
      X-Amz-Cf-Id:
      - vCUHc00crD0H00vJ5DSp2Thbenpum_nu3AxkqN1mMXsu91eTsa16FQ==
    body:
      encoding: ASCII-8BIT
      string: "<html>\n<head>\n</head>\n<body text=\"#000000\">\n\n<style>\n\t.highlight
        {\n\t\t    background-color: #ddf0ff;\n    color: #0060aa;\n    text-shadow:
        none;\n\t}\n\t.bold {\n\tfont-weight: bold;\n\t}\n.blue {\ncolor: blue;\n\t}\n</style>\n<script>\n\t$(document).ready(function(){\n\t\ttry
        {\n\n\t\t\tvar k = $(\".search-query\").val().trim();\n\n\t\t\tif (k == '')
        {k = $(\"#search-inputsearch\").val().trim();}\n\t\t\t} catch(e){\n\t\t\t//IE8\n\t\t\tvar
        k = $.trim($(\".search-query\").val());\n\t\t\tif (k == '') {k = $(\".search-query\").val().trim();}\n\t\t\t}\n
        \t\tvar element = k.split(\" \");\n\n\t\tfor (var i = 0; i < k.length; i++)
        {\n\t\t\tif (\telement[i] != undefined) {\t\t\t\t\t\n\t\t\t\t//console.log(i+\"
        - \" + element[i]);\n\t\t\t\tvar word = element[i].replace('\"','');\n\t\t\t\tvar
        regexp=/\\*/g;\n\t\t\t\tvar match = regexp.exec(word);\n\n\n\t\t\t\tword =
        element[i].replace('*','')\n\n\t       \t\t$(\".search-results\").highlight(word,{
        wordsOnly: !match });\n\t\t\t\t$(\"#wr.search-results\").highlight(word,{
        wordsOnly: !match });\n\t\t\t\t$(\"#trf.search-results\").highlight(word,{
        wordsOnly: !match });\n\t\t\t\t} \n\t       \t}\n\t});\n\t\t</script>\n\n<input
        id=\"nbreswr\" type=\"hidden\"  value=\"0\">\nNo publication found.\n</body>\n</html>\n"
  recorded_at: Thu, 11 Mar 2021 11:35:34 GMT
recorded_with: VCR 6.0.0
